
> ai-chat-client@0.0.0 build
> tsc && vite build

[36mvite v5.2.0 [32mbuilding for production...[36m[39m
node.exe : 
At line:1 char:1
+ & "E:\Program 
Files\nodejs/node.exe" 
"E:\Program 
Files\nodejs/node_mo 
...
+ ~~~~~~~~~~~~~~~~~~~~~
~~~~~~~~~~~~~~~~~~~~~~~
~~~~~~~~~~~~~~~~~~~~~~~
~~
    + CategoryInfo     
         : NotSpecifi  
  ed: (:String) [],    
 RemoteException
    + FullyQualifiedEr 
   rorId : NativeComm  
  andError
 
/themes/w5g/DonationPag
e.css doesn't exist at 
build time, it will 
remain unchanged to be 
resolved at runtime
transforming...
[baseline-browser-mappi
ng] The data in this 
module is over two 
months old.  To ensure 
accurate Baseline 
data, please update: 
`npm i baseline-browser
-mapping@latest -D`
[32mΓ£ô[39m 2709 modules transformed.
[33m
[1m(!)[22m outDir [3
7m[2mE:\CongViec\n8n\s
tlen\GiacNgoVN\dist[22
m[33m is not inside 
project root and will 
not be emptied.
Use --emptyOutDir to 
override.
[39m
rendering chunks...
computing gzip size...
[2m../dist/[22m[32mindex.html                           [39m[1m[2m    2.81 kB[22m[1m[22m[2m Γöé gzip:   0.95 kB[22m
[2m../dist/[22m[35massets/DharmaTalksView-DF7UjsM6.css  [39m[1m[2m   19.97 kB[22m[1m[22m[2m Γöé gzip:   3.36 kB[22m
[2m../dist/[22m[35massets/index-F6qF6PJK.css            [39m[1m[2m   54.45 kB[22m[1m[22m[2m Γöé gzip:   9.77 kB[22m
[2m../dist/[22m[36massets/LibraryView-361W2_z6.js       [39m[1m[2m    3.55 kB[22m[1m[22m[2m Γöé gzip:   1.55 kB[22m
[2m../dist/[22m[36massets/MeditationTimer-TVwAVSuj.js   [39m[1m[2m    4.13 kB[22m[1m[22m[2m Γöé gzip:   1.66 kB[22m
[2m../dist/[22m[36massets/DharmaTalksView-fOaOF8lJ.js   [39m[1m[2m    6.18 kB[22m[1m[22m[2m Γöé gzip:   2.40 kB[22m
[2m../dist/[22m[36massets/index-9eNiZyTk.js             [39m[1m[33m1,820.03 kB[39m[22m[2m Γöé gzip: 541.96 kB[22m
[33m
(!) Some chunks are 
larger than 500 kB 
after minification. 
Consider:
- Using dynamic 
import() to code-split 
the application
- Use build.rollupOptio
ns.output.manualChunks 
to improve chunking: ht
tps://rollupjs.org/conf
iguration-options/#outp
ut-manualchunks
- Adjust chunk size 
limit for this warning 
via build.chunkSizeWarn
ingLimit.[39m
[32mΓ£ô built in 33.13s[39m
